// Jest Snapshot v1, https://goo.gl/fbAQLP

exports[`error - loads no message 1`] = `
<p>
  Loading...
</p>
`;
