// Jest Snapshot v1, https://goo.gl/fbAQLP

exports[`Wapper component 1`] = `
<Component>
  <styled.article>
    <article
      className="sc-bdVaJa DPkqp"
    >
      Some text
    </article>
  </styled.article>
</Component>
`;
